Component: ARM Compiler 5.06 update 6 (build 750) Tool: armlink [4d35ed]

==============================================================================

Section Cross References

    lab1.o(RESET) refers to lab1.o(STACK) for __initial_sp
    lab1.o(RESET) refers to lab1.o(MYCODE) for Reset_Handler
    lab1.o(MYCODE) refers to lab1.o(MYDATA) for QA


==============================================================================

Image Symbol Table

    Local Symbols

    Symbol Name                              Value     Ov Type        Size  Object(Section)

    Lab1.s                                   0x00000000   Number         0  lab1.o ABSOLUTE
    RESET                                    0x08000000   Section        8  lab1.o(RESET)
    MYCODE                                   0x08000008   Section      128  lab1.o(MYCODE)
    A__                                      0x08000008   Data           4  lab1.o(MYCODE)
    B__                                      0x0800000c   Data           4  lab1.o(MYCODE)
    C__                                      0x08000010   Data           4  lab1.o(MYCODE)
    D__                                      0x08000014   Data           4  lab1.o(MYCODE)
    $v0                                      0x08000018   Number         0  lab1.o(MYCODE)
    MYDATA                                   0x20000000   Section        8  lab1.o(MYDATA)
    QA                                       0x20000000   Data           4  lab1.o(MYDATA)
    QL                                       0x20000004   Data           4  lab1.o(MYDATA)
    STACK                                    0x20000008   Section     1024  lab1.o(STACK)
    __initial_sp                             0x20000408   Data           0  lab1.o(STACK)

    Global Symbols

    Symbol Name                              Value     Ov Type        Size  Object(Section)

    BuildAttributes$$THM_ISAv4$E$P$D$K$B$S$7EM$VFPi3$EXTD16$VFPS$VFMA$PE$A:L22UL41UL21$X:L11$S22US41US21$IEEE1$IW$USESV6$~STKCKD$USESV7$~SHL$OSPACE$EBA8$STANDARDLIB$PRES8$EABIv2 0x00000000   Number         0  anon$$obj.o ABSOLUTE
    __Vectors                                0x08000000   Data           0  lab1.o(RESET)
    Reset_Handler                            0x08000019   Thumb Code    86  lab1.o(MYCODE)



==============================================================================

Memory Map of the image

  Image Entry point : 0x08000019

  Load Region LR_1 (Base: 0x08000000, Size: 0x00000090, Max: 0xffffffff, ABSOLUTE)

    Execution Region ER_RO (Exec base: 0x08000000, Load base: 0x08000000, Size: 0x00000088, Max: 0xffffffff, ABSOLUTE)

    Exec Addr    Load Addr    Size         Type   Attr      Idx    E Section Name        Object

    0x08000000   0x08000000   0x00000008   Data   RO            2    RESET               lab1.o
    0x08000008   0x08000008   0x00000080   Code   RO            4  * MYCODE              lab1.o


    Execution Region ER_RW (Exec base: 0x20000000, Load base: 0x08000088, Size: 0x00000008, Max: 0xffffffff, ABSOLUTE)

    Exec Addr    Load Addr    Size         Type   Attr      Idx    E Section Name        Object

    0x20000000   0x08000088   0x00000008   Data   RW            3    MYDATA              lab1.o


    Execution Region ER_ZI (Exec base: 0x20000008, Load base: 0x08000090, Size: 0x00000400, Max: 0xffffffff, ABSOLUTE)

    Exec Addr    Load Addr    Size         Type   Attr      Idx    E Section Name        Object

    0x20000008        -       0x00000400   Zero   RW            1    STACK               lab1.o


==============================================================================

Image component sizes


      Code (inc. data)   RO Data    RW Data    ZI Data      Debug   Object Name

       128         42          8          8       1024        380   lab1.o

    ----------------------------------------------------------------------
       128         42          8          8       1024        380   Object Totals
         0          0          0          0          0          0   (incl. Generated)
         0          0          0          0          0          0   (incl. Padding)

    ----------------------------------------------------------------------
         0          0          0          0          0          0   Library Totals
         0          0          0          0          0          0   (incl. Padding)

    ----------------------------------------------------------------------

==============================================================================


      Code (inc. data)   RO Data    RW Data    ZI Data      Debug   

       128         42          8          8       1024        380   Grand Totals
       128         42          8          8       1024        380   ELF Image Totals
       128         42          8          8          0          0   ROM Totals

==============================================================================

    Total RO  Size (Code + RO Data)                  136 (   0.13kB)
    Total RW  Size (RW Data + ZI Data)              1032 (   1.01kB)
    Total ROM Size (Code + RO Data + RW Data)        144 (   0.14kB)

==============================================================================

